{
	"kind": "Secret",
	"apiVersion": "v1",
	"metadata": {
		"name": "env-config",
		"namespace": "wlgore-prod",
		"resourceVersion": "1",
		"creationTimestamp": null,
		"labels": {
			"fnresources.acquia.io/application-id": "0b48e3fe-09a1-4d96-8447-6198114e5d58",
			"fnresources.acquia.io/environment-id": "1c1f2619-4ec0-416f-bc32-09f57242082d"
		},
		"ownerReferences": [
			{
				"apiVersion": "fnresources.acquia.io/v1alpha1",
				"kind": "DrupalEnvironment",
				"name": "wlgore-prod",
				"uid": "",
				"controller": true,
				"blockOwnerDeletion": true
			}
		]
	},
	"data": {
		"default.settings.inc": "PD9waHAKCiRzZXR0aW5nc1snZmlsZV9wcml2YXRlX3BhdGgnXSA9ICcvc2hhcmVkL3ByaXZhdGUtZmlsZXMnOwoKaWYgKGVtcHR5KCRzZXR0aW5nc1snaGFzaF9zYWx0J10pKSB7CiAgJHNldHRpbmdzWydoYXNoX3NhbHQnXSA9ICdmYWtlIGdhcmJhZ2UnOwp9CgokZGF0YWJhc2VzWydkZWZhdWx0J11bJ2RlZmF1bHQnXSA9IFsKICAnZGF0YWJhc2UnID0+ICd3bGdvcmUtZGF0YWJhc2UnLAogICd1c2VybmFtZScgPT4gJ3dsZ29yZS1kYXRhYmFzZS11c2VyJywKICAncGFzc3dvcmQnID0+ICd0ZXN0cGFzc3dvcmQnLAogICdob3N0JyA9PiAnbXlzcWwnLAogICdwb3J0JyA9PiAnMzMwNicsCiAgJ2RyaXZlcicgPT4gJ215c3FsJywKICAncHJlZml4JyA9PiAnJywKXTsKCiRzZXR0aW5nc1sndHJ1c3RlZF9ob3N0X3BhdHRlcm5zJ10gPSBbCiAgJ15sb2NhbGhvc3QkJywKICAnXjEyN1wuXGR7MSwzfVwuXGR7MSwzfVwuXGR7MSwzfSQnLAogICded2xnb3JlLXByb2Qtc2l0ZTFcLmNvbSQnLAogICded2xnb3JlLXByb2Qtc2l0ZTJcLmNvbSQnLApdOwo="
	}
}