{
	"kind": "Secret",
	"apiVersion": "v1",
	"metadata": {
		"name": "env-config",
		"namespace": "wlgore-prod",
		"resourceVersion": "4",
		"creationTimestamp": null,
		"labels": {
			"fnresources.acquia.io/application-id": "0b48e3fe-09a1-4d96-8447-6198114e5d58",
			"fnresources.acquia.io/environment-id": "1c1f2619-4ec0-416f-bc32-09f57242082d"
		},
		"ownerReferences": [
			{
				"apiVersion": "fnresources.acquia.io/v1alpha1",
				"kind": "DrupalEnvironment",
				"name": "wlgore-prod",
				"uid": "",
				"controller": true,
				"blockOwnerDeletion": true
			}
		]
	},
	"data": {
		"second.settings.inc": "PD9waHAKCiRzZXR0aW5nc1snZmlsZV9wcml2YXRlX3BhdGgnXSA9ICcvc2hhcmVkL3ByaXZhdGUtZmlsZXMnOwoKaWYgKGVtcHR5KCRzZXR0aW5nc1snaGFzaF9zYWx0J10pKSB7CiAgJHNldHRpbmdzWydoYXNoX3NhbHQnXSA9ICdmYWtlIGdhcmJhZ2UnOwp9CgokZGF0YWJhc2VzWydkZWZhdWx0J11bJ2RlZmF1bHQnXSA9IFsKICAnZGF0YWJhc2UnID0+ICdzZWNvbmQtZGF0YWJhc2UnLAogICd1c2VybmFtZScgPT4gJ3NlY29uZC1kYXRhYmFzZS11c2VyJywKICAncGFzc3dvcmQnID0+ICcybmRwYXNzd29yZCcsCiAgJ2hvc3QnID0+ICdteXNxbC1zZWNvbmQnLAogICdwb3J0JyA9PiAnMzMzMDYnLAogICdkcml2ZXInID0+ICdteXNxbCcsCiAgJ3ByZWZpeCcgPT4gJycsCl07Cgokc2V0dGluZ3NbJ3RydXN0ZWRfaG9zdF9wYXR0ZXJucyddID0gWwogICdebG9jYWxob3N0JCcsCiAgJ14xMjdcLlxkezEsM31cLlxkezEsM31cLlxkezEsM30kJywKICAnXnNlY29uZC1zaXRlMVwuY29tJCcsCiAgJ15zZWNvbmQtc2l0ZTJcLmNvbSQnLApdOwo="
	}
}