{
	"kind": "Secret",
	"apiVersion": "v1",
	"metadata": {
		"name": "env-config",
		"namespace": "wlgore-app-prod",
		"resourceVersion": "1",
		"creationTimestamp": null,
		"labels": {
			"fnresources.acquia.io/application-id": "c7b96d1a-e50a-47f2-a94b-f1f6aada4704",
			"fnresources.acquia.io/environment-id": "d6a1c503-c2b0-48d7-8d64-450cdfcb07ee",
			"fnresources.acquia.io/git-ref": "972c6d2dc6dd5efdad1377c0d224e03eb8f276f7",
			"fnresources.acquia.io/version": "2"
		},
		"ownerReferences": [
			{
				"apiVersion": "fnresources.acquia.io/v1alpha1",
				"kind": "DrupalEnvironment",
				"name": "wlgore-app-prod",
				"uid": "",
				"controller": true,
				"blockOwnerDeletion": true
			}
		]
	},
	"data": {
		"sites.inc": "PD9waHAKCiRzaXRlc1snZGVmYXVsdDEud2xnb3JlLXByb2QuY29tJ10gPSAnZGVmYXVsdCc7CiRzaXRlc1snZGVmYXVsdDIud2xnb3JlLXByb2QuY29tJ10gPSAnZGVmYXVsdCc7CiRzaXRlc1snc2Vjb25kMS53bGdvcmUtcHJvZC5jb20nXSA9ICdzaXRlMic7CiRzaXRlc1snc2Vjb25kMi53bGdvcmUtcHJvZC5jb20nXSA9ICdzaXRlMic7Cgo="
	}
}